
> industrialfrontend@0.0.0 build
> run-p type-check "build-only {@}" --


> industrialfrontend@0.0.0 build-only
> vite build


> industrialfrontend@0.0.0 type-check
> vue-tsc --build

[36mvite v7.3.1 [32mbuilding client environment for production...[36m[39m
transforming...
[32mΓ£ô[39m 223 modules transformed.
rendering chunks...
computing gzip size...
[2mdist/[22m[32mindex.html                 [39m[1m[2m  0.43 kB[22m[1m[22m[2m Γöé gzip:   0.28 kB[22m
[2mdist/[22m[35massets/index-BXgHQUvF.css  [39m[1m[2m 59.18 kB[22m[1m[22m[2m Γöé gzip:  10.38 kB[22m
[2mdist/[22m[36massets/index-rw1-t1K2.js   [39m[1m[2m385.62 kB[22m[1m[22m[2m Γöé gzip: 135.57 kB[22m
[32mΓ£ô built in 1.24s[39m
src/layouts/MainLayout.vue(67,40): error TS2339: Property 'listConfigs' does not exist on type '{ listModels(): Promise<Model[]>; getModel(id: string): Promise<Model>; createModel(model: Model): Promise<Model>; updateModel(id: string, model: Partial<...>): Promise<...>; deleteModel(id: string): Promise<...>; }'.
src/layouts/MainLayout.vue(68,34): error TS7006: Parameter 'c' implicitly has an 'any' type.
src/views/admin/AnalyticsView.vue(70,19): error TS2532: Object is possibly 'undefined'.
src/views/admin/AnalyticsView.vue(72,17): error TS2532: Object is possibly 'undefined'.
node.exe : ERROR: 
"type-check" exited with 2.
At line:1 char:1
+ & "C:\Program 
Files\nodejs/node.exe" "C:\Us
ers\stefa\AppData\Roaming\ 
...
+ ~~~~~~~~~~~~~~~~~~~~~~~~~~~
~~~~~~~~~~~~~~~~~~~~~~~~~~~~~
~~~~~~~~~~~~~
    + CategoryInfo           
   : NotSpecified: (ERROR:   
  "type-check" exited with   
  2.:String) [], RemoteEx    
ception
    + FullyQualifiedErrorId  
   : NativeCommandError
 
